// Jest Snapshot v1, https://goo.gl/fbAQLP

exports[`activityLinker should work for RN 0.77 1`] = `
"package com.app

import com.reactnativenavigation.NavigationActivity
import com.facebook.react.ReactActivityDelegate
import com.facebook.react.defaults.DefaultNewArchitectureEntryPoint.fabricEnabled
import com.facebook.react.defaults.DefaultReactActivityDelegate

class MainActivity : NavigationActivity() {

  

  
}
"
`;
