// Jest Snapshot v1, https://goo.gl/fbAQLP

exports[`appDelegateLinker should work with Swift bridgeless RN 0.79 1`] = `
"import UIKit
import React
import ReactNativeNavigation
import ReactAppDependencyProvider

@main
class AppDelegate: RNNAppDelegate {

  override func application(
    _ application: UIApplication,
    didFinishLaunchingWithOptions launchOptions: [UIApplication.LaunchOptionsKey: Any]? = nil
  ) -> Bool {
    self.reactNativeDelegate = ReactNativeDelegate()
    super.application(application, didFinishLaunchingWithOptions: launchOptions)

    

    return true
  }
}

class ReactNativeDelegate: RCTDefaultReactNativeFactoryDelegate {
  override func sourceURL(for bridge: RCTBridge) -> URL? {
    self.bundleURL()
  }

  override func bundleURL() -> URL? {
#if DEBUG
    RCTBundleURLProvider.sharedSettings().jsBundleURL(forBundleRoot: "index")
#else
    Bundle.main.url(forResource: "main", withExtension: "jsbundle")
#endif
  }
}"
`;

